// Jest Snapshot v1, https://goo.gl/fbAQLP

exports[`JSDOMFifteenEnvironment #render should reject if result is malformed 1`] = `"Malformed render result: undefined"`;

exports[`JSDOMFifteenEnvironment #render should reject if result is malformed 2`] = `"Malformed render result: null"`;

exports[`JSDOMFifteenEnvironment #render should reject if result is malformed 3`] = `"Malformed render result: \\"THIS IS NOT CORRECT\\""`;

exports[`JSDOMFifteenEnvironment #render should reject if result is malformed 4`] = `"Malformed render result: {\\"status\\":200,\\"headers\\":{}}"`;

exports[`JSDOMFifteenEnvironment #render should reject if result is malformed 5`] = `"Malformed render result: {\\"body\\":\\"NEED MORE THAN THIS\\"}"`;

exports[`JSDOMFifteenEnvironment #render should reject if result is malformed 6`] = `"Malformed render result: {\\"body\\":\\"THIS HELPS BUT WHERE ARE THE HEADERS\\",\\"status\\":200}"`;
